'ZombieMain.full_damage_within_iff' depends on axioms: [propext, Classical.choice, Quot.sound]
'ZombieMain.full_damage_iff' depends on axioms: [propext, Classical.choice, Quot.sound]
'ZombieMain.davila_conjecture_24' depends on axioms: [propext, Classical.choice, Quot.sound]
'ZombieMain.full_damage_of_clean_edge' depends on axioms: [propext, Classical.choice, Quot.sound]
'ZombieMain.recurrent_coverage_of_clean_edge' depends on axioms: [propext, Classical.choice, Quot.sound]
'ZombieMain.mobius_recurrent_coverage' depends on axioms: [propext, Quot.sound]
'ZombieMain.four_boundary_edges' depends on axioms: [propext, Classical.choice, Quot.sound]
'ZombieMain.short_component_expansion' depends on axioms: [propext, Classical.choice, Quot.sound]
'ZombieMain.diamond_ring_sensor_bound' depends on axioms: [propext, Classical.choice, Quot.sound]
'ZombieMain.four_port_principle' depends on axioms: [propext, Classical.choice, Quot.sound]
'ZombieMain.cycle_union_classification' depends on axioms: [propext, Classical.choice, Quot.sound]
'ZombieMain.shortComponent_catalogue' depends on axioms: [propext, Classical.choice, Quot.sound]
'ZombieMain.component_routing_at' depends on axioms: [propext, Classical.choice, Quot.sound]
'ZombieMain.target_contract' depends on axioms: [propext, Classical.choice, Quot.sound]
'ZombieMain.clean_initialization' depends on axioms: [propext, Classical.choice, Quot.sound]
'ZombieMain.full_damage_without_clean' depends on axioms: [propext, Classical.choice, Quot.sound]
'ZombieMain.subgraph_port_bound' depends on axioms: [propext, Classical.choice, Quot.sound]
'ZombieMain.SurvivorController.run_exists' depends on axioms: [Classical.choice]
'ZombieMain.RouteMemory.stage_unbounded' depends on axioms: [propext, Classical.choice, Quot.sound]
'ZombieMain.RouteMemory.recurrent_departures' depends on axioms: [propext, Classical.choice, Quot.sound]
'ZombieDamage.Graph.cleanEdge_forces_reply' depends on axioms: [propext, Classical.choice, Quot.sound]
'ZombieDamage.Graph.geodesicReply_iff_commonNeighbor' depends on axioms: [propext]
'ZombieDamage.Task.safe_replies_are_geodesic' depends on axioms: [propext]
'ZombieDamage.Task.certificate_sound' does not depend on any axioms
'ZombieDamage.Task.forces_metric' depends on axioms: [propext]
'ZombieDamage.Task.certificate_bounded' depends on axioms: [propext]
'ZombieDamage.Graph.short_twoStep_closed' depends on axioms: [propext, Classical.choice, Quot.sound]
'ZombieDamage.Verified.finite_component_routing' depends on axioms: [propext, Quot.sound]
'ZombieDamage.Graph.involution_blocks_recovery' depends on axioms: [propext, Classical.choice, Quot.sound]
'ZombieDamage.DiamondRing.central_pair_sensor' depends on axioms: [propext, Classical.choice, Quot.sound]
'ZombieDamage.FullGame.ForcesWithin.mono' does not depend on any axioms
'ZombieDamage.FullGame.ForcesWithin.pad' does not depend on any axioms
'ZombieDamage.FullGame.ForcesWithin.bind' does not depend on any axioms
'ZombieDamage.FullGame.ForcesWithin.preserve_set' does not depend on any axioms
'ZombieDamage.FullGame.safe_step' depends on axioms: [propext]
'ZombieDamage.Task.metricForcesWithin_fullGame' depends on axioms: [propext, Quot.sound]
'ZombieDamage.FullGame.serve_list' depends on axioms: [propext, Quot.sound]
'ZombieDamage.FullGame.fullDamage_of_contract' depends on axioms: [propext, Quot.sound]
'ZombieDamage.Graph.MetricCertificate.distance' depends on axioms: [propext, Quot.sound]
'ZombieDamage.Graph.MetricCertificate.geodesicReply_iff' depends on axioms: [propext, Quot.sound]
'ZombieDamage.ExecutableGame.Input.reply_semantics' depends on axioms: [propext, Quot.sound]
'ZombieDamage.ExecutableGame.Input.survivor_semantics' depends on axioms: [propext, Quot.sound]
'ZombieDamage.FullGame.universal_vertex_not_fullDamage' depends on axioms: [propext]
'ZombieDamage.FullGame.pass_damages_source' does not depend on any axioms
'ZombieDamage.FullGame.forced_trace_prefix' depends on axioms: [propext, Classical.choice, Quot.sound]
'ZombieDamage.FullGame.forced_trace_route' depends on axioms: [propext, Classical.choice, Quot.sound]
'ZombieDamage.CycleGame.full_damage' depends on axioms: [propext, Classical.choice, Quot.sound]
'ZombieDamage.MobiusGame.full_damage' depends on axioms: [propext, Classical.choice, Quot.sound]
'ZombieDamage.PrismGame.full_damage' depends on axioms: [propext, Classical.choice, Quot.sound]
'ZombieDamage.FullGame.PositionalTrap.blocks' does not depend on any axioms
'ZombieDamage.Exceptions.not_full_damage' depends on axioms: [propext, Quot.sound]
'ZombieDamage.GraphIso.fullDamage_iff' depends on axioms: [propext, Quot.sound]
'ZombieDamage.ShortComponentModel.safe_metric' depends on axioms: [propext, Classical.choice, Quot.sound]
'ZombieDamage.ShortComponentModel.reply_lift' depends on axioms: [propext, Classical.choice, Quot.sound]
'ZombieDamage.ShortComponentModel.metricForcesWithin_ambient' depends on axioms: [propext, Classical.choice, Quot.sound]
'ZombieDamage.FullGame.fullDamage_iff_eventual' depends on axioms: [propext, Classical.choice, Quot.sound]
'ZombieDamage.Task.fullGame_metricForcesWithin' depends on axioms: [propext, Quot.sound]
'ZombieDamage.OpenStrip.rail_step' depends on axioms: [propext, Classical.choice, Quot.sound]
'ZombieDamage.OpenStrip.rung_step' depends on axioms: [propext, Classical.choice, Quot.sound]
'ZombieDamage.OpenStrip.forward_route' depends on axioms: [propext, Classical.choice, Quot.sound]
'ZombieDamage.OpenStrip.open_route' depends on axioms: [propext, Classical.choice, Quot.sound]
'ZombieDamage.OpenStrip.cap_rail_step' depends on axioms: [propext, Classical.choice, Quot.sound]
'ZombieDamage.OpenStrip.metric_exit_contract' depends on axioms: [propext, Classical.choice, Quot.sound]
'ZombieDamage.OpenStrip.metric_target_contract' depends on axioms: [propext, Classical.choice, Quot.sound]
'ZombieDamage.TriangleRoute.prescribed_exit' depends on axioms: [propext, Classical.choice, Quot.sound]
'ZombieDamage.TriangleRoute.target_route' depends on axioms: [propext, Classical.choice, Quot.sound]
'ZombieDamage.DiamondRoute.through_middle' depends on axioms: [propext, Classical.choice, Quot.sound]
'ZombieDamage.DiamondRoute.target_route' depends on axioms: [propext, Classical.choice, Quot.sound]
'ZombieDamage.FullGame.PermissiveForces.iff_normalized' depends on axioms: [propext, Classical.choice, Quot.sound]
'ZombieDamage.FullGame.fullDamage_iff_permissive' depends on axioms: [propext, Classical.choice, Quot.sound]
'ZombieDamage.Data.K2_3.task_00.wins' depends on axioms: [propext, Quot.sound]
'ZombieDamage.Data.K2_3.task_00.wins_bounded' depends on axioms: [propext, Quot.sound]
'ZombieDamage.Data.K2_3.task_01.wins' depends on axioms: [propext, Quot.sound]
'ZombieDamage.Data.K2_3.task_01.wins_bounded' depends on axioms: [propext, Quot.sound]
'ZombieDamage.Data.K2_3.task_02.wins' depends on axioms: [propext, Quot.sound]
'ZombieDamage.Data.K2_3.task_02.wins_bounded' depends on axioms: [propext, Quot.sound]
'ZombieDamage.Data.K2_3.task_03.wins' depends on axioms: [propext, Quot.sound]
'ZombieDamage.Data.K2_3.task_03.wins_bounded' depends on axioms: [propext, Quot.sound]
'ZombieDamage.Data.K2_3.task_04.wins' depends on axioms: [propext, Quot.sound]
'ZombieDamage.Data.K2_3.task_04.wins_bounded' depends on axioms: [propext, Quot.sound]
'ZombieDamage.Data.K2_3.task_05.wins' depends on axioms: [propext, Quot.sound]
'ZombieDamage.Data.K2_3.task_05.wins_bounded' depends on axioms: [propext, Quot.sound]
'ZombieDamage.Data.K2_3.task_06.wins' depends on axioms: [propext, Quot.sound]
'ZombieDamage.Data.K2_3.task_06.wins_bounded' depends on axioms: [propext, Quot.sound]
'ZombieDamage.Data.K2_3.task_07.wins' depends on axioms: [propext, Quot.sound]
'ZombieDamage.Data.K2_3.task_07.wins_bounded' depends on axioms: [propext, Quot.sound]
'ZombieDamage.Data.K2_3.task_08.wins' depends on axioms: [propext, Quot.sound]
'ZombieDamage.Data.K2_3.task_08.wins_bounded' depends on axioms: [propext, Quot.sound]
'ZombieDamage.Data.K2_3.task_09.wins' depends on axioms: [propext, Quot.sound]
'ZombieDamage.Data.K2_3.task_09.wins_bounded' depends on axioms: [propext, Quot.sound]
'ZombieDamage.Data.K2_3.task_10.wins' depends on axioms: [propext, Quot.sound]
'ZombieDamage.Data.K2_3.task_10.wins_bounded' depends on axioms: [propext, Quot.sound]
'ZombieDamage.Data.K2_3.task_11.wins' depends on axioms: [propext, Quot.sound]
'ZombieDamage.Data.K2_3.task_11.wins_bounded' depends on axioms: [propext, Quot.sound]
'ZombieDamage.Data.K2_3.task_12.wins' depends on axioms: [propext, Quot.sound]
'ZombieDamage.Data.K2_3.task_12.wins_bounded' depends on axioms: [propext, Quot.sound]
'ZombieDamage.Data.K2_3.task_13.wins' depends on axioms: [propext, Quot.sound]
'ZombieDamage.Data.K2_3.task_13.wins_bounded' depends on axioms: [propext, Quot.sound]
'ZombieDamage.Data.K2_3.task_14.wins' depends on axioms: [propext, Quot.sound]
'ZombieDamage.Data.K2_3.task_14.wins_bounded' depends on axioms: [propext, Quot.sound]
'ZombieDamage.Data.K2_3.task_15.wins' depends on axioms: [propext, Quot.sound]
'ZombieDamage.Data.K2_3.task_15.wins_bounded' depends on axioms: [propext, Quot.sound]
'ZombieDamage.Data.K2_3.task_16.wins' depends on axioms: [propext, Quot.sound]
'ZombieDamage.Data.K2_3.task_16.wins_bounded' depends on axioms: [propext, Quot.sound]
'ZombieDamage.Data.K2_3.task_17.wins' depends on axioms: [propext, Quot.sound]
'ZombieDamage.Data.K2_3.task_17.wins_bounded' depends on axioms: [propext, Quot.sound]
'ZombieDamage.Data.K2_3.task_18.wins' depends on axioms: [propext, Quot.sound]
'ZombieDamage.Data.K2_3.task_18.wins_bounded' depends on axioms: [propext, Quot.sound]
'ZombieDamage.Data.K2_3.task_19.wins' depends on axioms: [propext, Quot.sound]
'ZombieDamage.Data.K2_3.task_19.wins_bounded' depends on axioms: [propext, Quot.sound]
'ZombieDamage.Data.K2_3.task_20.wins' depends on axioms: [propext, Quot.sound]
'ZombieDamage.Data.K2_3.task_20.wins_bounded' depends on axioms: [propext, Quot.sound]
'ZombieDamage.Data.K3_3_minus_edge.task_00.wins' depends on axioms: [propext, Quot.sound]
'ZombieDamage.Data.K3_3_minus_edge.task_00.wins_bounded' depends on axioms: [propext, Quot.sound]
'ZombieDamage.Data.K3_3_minus_edge.task_01.wins' depends on axioms: [propext, Quot.sound]
'ZombieDamage.Data.K3_3_minus_edge.task_01.wins_bounded' depends on axioms: [propext, Quot.sound]
'ZombieDamage.Data.K3_3_minus_edge.task_02.wins' depends on axioms: [propext, Quot.sound]
'ZombieDamage.Data.K3_3_minus_edge.task_02.wins_bounded' depends on axioms: [propext, Quot.sound]
'ZombieDamage.Data.K3_3_minus_edge.task_03.wins' depends on axioms: [propext, Quot.sound]
'ZombieDamage.Data.K3_3_minus_edge.task_03.wins_bounded' depends on axioms: [propext, Quot.sound]
'ZombieDamage.Data.K3_3_minus_edge.task_04.wins' depends on axioms: [propext, Quot.sound]
'ZombieDamage.Data.K3_3_minus_edge.task_04.wins_bounded' depends on axioms: [propext, Quot.sound]
'ZombieDamage.Data.K3_3_minus_edge.task_05.wins' depends on axioms: [propext, Quot.sound]
'ZombieDamage.Data.K3_3_minus_edge.task_05.wins_bounded' depends on axioms: [propext, Quot.sound]
'ZombieDamage.Data.K3_3_minus_edge.task_06.wins' depends on axioms: [propext, Quot.sound]
'ZombieDamage.Data.K3_3_minus_edge.task_06.wins_bounded' depends on axioms: [propext, Quot.sound]
'ZombieDamage.Data.K3_3_minus_edge.task_07.wins' depends on axioms: [propext, Quot.sound]
'ZombieDamage.Data.K3_3_minus_edge.task_07.wins_bounded' depends on axioms: [propext, Quot.sound]
'ZombieDamage.Data.K3_3_minus_edge.task_08.wins' depends on axioms: [propext, Quot.sound]
'ZombieDamage.Data.K3_3_minus_edge.task_08.wins_bounded' depends on axioms: [propext, Quot.sound]
'ZombieDamage.Data.K3_3_minus_edge.task_09.wins' depends on axioms: [propext, Quot.sound]
'ZombieDamage.Data.K3_3_minus_edge.task_09.wins_bounded' depends on axioms: [propext, Quot.sound]
'ZombieDamage.Data.K3_3_minus_edge.task_10.wins' depends on axioms: [propext, Quot.sound]
'ZombieDamage.Data.K3_3_minus_edge.task_10.wins_bounded' depends on axioms: [propext, Quot.sound]
'ZombieDamage.Data.K3_3_minus_edge.task_11.wins' depends on axioms: [propext, Quot.sound]
'ZombieDamage.Data.K3_3_minus_edge.task_11.wins_bounded' depends on axioms: [propext, Quot.sound]
'ZombieDamage.Data.K3_3_minus_edge.task_12.wins' depends on axioms: [propext, Quot.sound]
'ZombieDamage.Data.K3_3_minus_edge.task_12.wins_bounded' depends on axioms: [propext, Quot.sound]
'ZombieDamage.Data.K3_3_minus_edge.task_13.wins' depends on axioms: [propext, Quot.sound]
'ZombieDamage.Data.K3_3_minus_edge.task_13.wins_bounded' depends on axioms: [propext, Quot.sound]
'ZombieDamage.Data.triangular_prism_minus_triangle_edge.task_00.wins' depends on axioms: [propext, Quot.sound]
'ZombieDamage.Data.triangular_prism_minus_triangle_edge.task_00.wins_bounded' depends on axioms: [propext, Quot.sound]
'ZombieDamage.Data.triangular_prism_minus_triangle_edge.task_01.wins' depends on axioms: [propext, Quot.sound]
'ZombieDamage.Data.triangular_prism_minus_triangle_edge.task_01.wins_bounded' depends on axioms: [propext, Quot.sound]
'ZombieDamage.Data.triangular_prism_minus_triangle_edge.task_02.wins' depends on axioms: [propext, Quot.sound]
'ZombieDamage.Data.triangular_prism_minus_triangle_edge.task_02.wins_bounded' depends on axioms: [propext, Quot.sound]
'ZombieDamage.Data.triangular_prism_minus_triangle_edge.task_03.wins' depends on axioms: [propext, Quot.sound]
'ZombieDamage.Data.triangular_prism_minus_triangle_edge.task_03.wins_bounded' depends on axioms: [propext, Quot.sound]
'ZombieDamage.Data.triangular_prism_minus_triangle_edge.task_04.wins' depends on axioms: [propext, Quot.sound]
'ZombieDamage.Data.triangular_prism_minus_triangle_edge.task_04.wins_bounded' depends on axioms: [propext, Quot.sound]
'ZombieDamage.Data.triangular_prism_minus_triangle_edge.task_05.wins' depends on axioms: [propext, Quot.sound]
'ZombieDamage.Data.triangular_prism_minus_triangle_edge.task_05.wins_bounded' depends on axioms: [propext, Quot.sound]
'ZombieDamage.Data.triangular_prism_minus_triangle_edge.task_06.wins' depends on axioms: [propext, Quot.sound]
'ZombieDamage.Data.triangular_prism_minus_triangle_edge.task_06.wins_bounded' depends on axioms: [propext, Quot.sound]
'ZombieDamage.Data.triangular_prism_minus_triangle_edge.task_07.wins' depends on axioms: [propext, Quot.sound]
'ZombieDamage.Data.triangular_prism_minus_triangle_edge.task_07.wins_bounded' depends on axioms: [propext, Quot.sound]
'ZombieDamage.Data.triangular_prism_minus_triangle_edge.task_08.wins' depends on axioms: [propext, Quot.sound]
'ZombieDamage.Data.triangular_prism_minus_triangle_edge.task_08.wins_bounded' depends on axioms: [propext, Quot.sound]
'ZombieDamage.Data.triangular_prism_minus_triangle_edge.task_09.wins' depends on axioms: [propext, Quot.sound]
'ZombieDamage.Data.triangular_prism_minus_triangle_edge.task_09.wins_bounded' depends on axioms: [propext, Quot.sound]
'ZombieDamage.Data.triangular_prism_minus_triangle_edge.task_10.wins' depends on axioms: [propext, Quot.sound]
'ZombieDamage.Data.triangular_prism_minus_triangle_edge.task_10.wins_bounded' depends on axioms: [propext, Quot.sound]
'ZombieDamage.Data.triangular_prism_minus_triangle_edge.task_11.wins' depends on axioms: [propext, Quot.sound]
'ZombieDamage.Data.triangular_prism_minus_triangle_edge.task_11.wins_bounded' depends on axioms: [propext, Quot.sound]
'ZombieDamage.Data.triangular_prism_minus_triangle_edge.task_12.wins' depends on axioms: [propext, Quot.sound]
'ZombieDamage.Data.triangular_prism_minus_triangle_edge.task_12.wins_bounded' depends on axioms: [propext, Quot.sound]
'ZombieDamage.Data.triangular_prism_minus_triangle_edge.task_13.wins' depends on axioms: [propext, Quot.sound]
'ZombieDamage.Data.triangular_prism_minus_triangle_edge.task_13.wins_bounded' depends on axioms: [propext, Quot.sound]
'ZombieDamage.Data.cube_minus_vertex.task_00.wins' depends on axioms: [propext, Quot.sound]
'ZombieDamage.Data.cube_minus_vertex.task_00.wins_bounded' depends on axioms: [propext, Quot.sound]
'ZombieDamage.Data.cube_minus_vertex.task_01.wins' depends on axioms: [propext, Quot.sound]
'ZombieDamage.Data.cube_minus_vertex.task_01.wins_bounded' depends on axioms: [propext, Quot.sound]
'ZombieDamage.Data.cube_minus_vertex.task_02.wins' depends on axioms: [propext, Quot.sound]
'ZombieDamage.Data.cube_minus_vertex.task_02.wins_bounded' depends on axioms: [propext, Quot.sound]
'ZombieDamage.Data.cube_minus_vertex.task_03.wins' depends on axioms: [propext, Quot.sound]
'ZombieDamage.Data.cube_minus_vertex.task_03.wins_bounded' depends on axioms: [propext, Quot.sound]
'ZombieDamage.Data.cube_minus_vertex.task_04.wins' depends on axioms: [propext, Quot.sound]
'ZombieDamage.Data.cube_minus_vertex.task_04.wins_bounded' depends on axioms: [propext, Quot.sound]
'ZombieDamage.Data.cube_minus_vertex.task_05.wins' depends on axioms: [propext, Quot.sound]
'ZombieDamage.Data.cube_minus_vertex.task_05.wins_bounded' depends on axioms: [propext, Quot.sound]
'ZombieDamage.Data.cube_minus_vertex.task_06.wins' depends on axioms: [propext, Quot.sound]
'ZombieDamage.Data.cube_minus_vertex.task_06.wins_bounded' depends on axioms: [propext, Quot.sound]
'ZombieDamage.Data.cube_minus_vertex.task_07.wins' depends on axioms: [propext, Quot.sound]
'ZombieDamage.Data.cube_minus_vertex.task_07.wins_bounded' depends on axioms: [propext, Quot.sound]
'ZombieDamage.Data.cube_minus_vertex.task_08.wins' depends on axioms: [propext, Quot.sound]
'ZombieDamage.Data.cube_minus_vertex.task_08.wins_bounded' depends on axioms: [propext, Quot.sound]
'ZombieDamage.Data.cube_minus_vertex.task_09.wins' depends on axioms: [propext, Quot.sound]
'ZombieDamage.Data.cube_minus_vertex.task_09.wins_bounded' depends on axioms: [propext, Quot.sound]
'ZombieDamage.Data.cube_minus_vertex.task_10.wins' depends on axioms: [propext, Quot.sound]
'ZombieDamage.Data.cube_minus_vertex.task_10.wins_bounded' depends on axioms: [propext, Quot.sound]
'ZombieDamage.Data.cube_minus_vertex.task_11.wins' depends on axioms: [propext, Quot.sound]
'ZombieDamage.Data.cube_minus_vertex.task_11.wins_bounded' depends on axioms: [propext, Quot.sound]
'ZombieDamage.Data.cube_minus_vertex.task_12.wins' depends on axioms: [propext, Quot.sound]
'ZombieDamage.Data.cube_minus_vertex.task_12.wins_bounded' depends on axioms: [propext, Quot.sound]
'ZombieDamage.Data.cube_minus_vertex.task_13.wins' depends on axioms: [propext, Quot.sound]
'ZombieDamage.Data.cube_minus_vertex.task_13.wins_bounded' depends on axioms: [propext, Quot.sound]
'ZombieDamage.Data.cube_minus_vertex.task_14.wins' depends on axioms: [propext, Quot.sound]
'ZombieDamage.Data.cube_minus_vertex.task_14.wins_bounded' depends on axioms: [propext, Quot.sound]
'ZombieDamage.Data.cube_minus_vertex.task_15.wins' depends on axioms: [propext, Quot.sound]
'ZombieDamage.Data.cube_minus_vertex.task_15.wins_bounded' depends on axioms: [propext, Quot.sound]
'ZombieDamage.Data.cube_minus_vertex.task_16.wins' depends on axioms: [propext, Quot.sound]
'ZombieDamage.Data.cube_minus_vertex.task_16.wins_bounded' depends on axioms: [propext, Quot.sound]
'ZombieDamage.Data.cube_minus_vertex.task_17.wins' depends on axioms: [propext, Quot.sound]
'ZombieDamage.Data.cube_minus_vertex.task_17.wins_bounded' depends on axioms: [propext, Quot.sound]
'ZombieDamage.Data.cube_minus_vertex.task_18.wins' depends on axioms: [propext, Quot.sound]
'ZombieDamage.Data.cube_minus_vertex.task_18.wins_bounded' depends on axioms: [propext, Quot.sound]
'ZombieDamage.Data.cube_minus_vertex.task_19.wins' depends on axioms: [propext, Quot.sound]
'ZombieDamage.Data.cube_minus_vertex.task_19.wins_bounded' depends on axioms: [propext, Quot.sound]
'ZombieDamage.Data.cube_minus_vertex.task_20.wins' depends on axioms: [propext, Quot.sound]
'ZombieDamage.Data.cube_minus_vertex.task_20.wins_bounded' depends on axioms: [propext, Quot.sound]
'ZombieDamage.Data.cube_minus_vertex.task_21.wins' depends on axioms: [propext, Quot.sound]
'ZombieDamage.Data.cube_minus_vertex.task_21.wins_bounded' depends on axioms: [propext, Quot.sound]
'ZombieDamage.Data.cube_minus_vertex.task_22.wins' depends on axioms: [propext, Quot.sound]
'ZombieDamage.Data.cube_minus_vertex.task_22.wins_bounded' depends on axioms: [propext, Quot.sound]
'ZombieDamage.Data.cube_minus_vertex.task_23.wins' depends on axioms: [propext, Quot.sound]
'ZombieDamage.Data.cube_minus_vertex.task_23.wins_bounded' depends on axioms: [propext, Quot.sound]
'ZombieDamage.Data.cube_minus_vertex.task_24.wins' depends on axioms: [propext, Quot.sound]
'ZombieDamage.Data.cube_minus_vertex.task_24.wins_bounded' depends on axioms: [propext, Quot.sound]
'ZombieDamage.Data.cube_minus_vertex.task_25.wins' depends on axioms: [propext, Quot.sound]
'ZombieDamage.Data.cube_minus_vertex.task_25.wins_bounded' depends on axioms: [propext, Quot.sound]
'ZombieDamage.Data.cube_minus_vertex.task_26.wins' depends on axioms: [propext, Quot.sound]
'ZombieDamage.Data.cube_minus_vertex.task_26.wins_bounded' depends on axioms: [propext, Quot.sound]
'ZombieDamage.Data.cube_minus_edge.task_00.wins' depends on axioms: [propext, Quot.sound]
'ZombieDamage.Data.cube_minus_edge.task_00.wins_bounded' depends on axioms: [propext, Quot.sound]
'ZombieDamage.Data.cube_minus_edge.task_01.wins' depends on axioms: [propext, Quot.sound]
'ZombieDamage.Data.cube_minus_edge.task_01.wins_bounded' depends on axioms: [propext, Quot.sound]
'ZombieDamage.Data.cube_minus_edge.task_02.wins' depends on axioms: [propext, Quot.sound]
'ZombieDamage.Data.cube_minus_edge.task_02.wins_bounded' depends on axioms: [propext, Quot.sound]
'ZombieDamage.Data.cube_minus_edge.task_03.wins' depends on axioms: [propext, Quot.sound]
'ZombieDamage.Data.cube_minus_edge.task_03.wins_bounded' depends on axioms: [propext, Quot.sound]
'ZombieDamage.Data.cube_minus_edge.task_04.wins' depends on axioms: [propext, Quot.sound]
'ZombieDamage.Data.cube_minus_edge.task_04.wins_bounded' depends on axioms: [propext, Quot.sound]
'ZombieDamage.Data.cube_minus_edge.task_05.wins' depends on axioms: [propext, Quot.sound]
'ZombieDamage.Data.cube_minus_edge.task_05.wins_bounded' depends on axioms: [propext, Quot.sound]
'ZombieDamage.Data.cube_minus_edge.task_06.wins' depends on axioms: [propext, Quot.sound]
'ZombieDamage.Data.cube_minus_edge.task_06.wins_bounded' depends on axioms: [propext, Quot.sound]
'ZombieDamage.Data.cube_minus_edge.task_07.wins' depends on axioms: [propext, Quot.sound]
'ZombieDamage.Data.cube_minus_edge.task_07.wins_bounded' depends on axioms: [propext, Quot.sound]
'ZombieDamage.Data.cube_minus_edge.task_08.wins' depends on axioms: [propext, Quot.sound]
'ZombieDamage.Data.cube_minus_edge.task_08.wins_bounded' depends on axioms: [propext, Quot.sound]
'ZombieDamage.Data.cube_minus_edge.task_09.wins' depends on axioms: [propext, Quot.sound]
'ZombieDamage.Data.cube_minus_edge.task_09.wins_bounded' depends on axioms: [propext, Quot.sound]
'ZombieDamage.Data.cube_minus_edge.task_10.wins' depends on axioms: [propext, Quot.sound]
'ZombieDamage.Data.cube_minus_edge.task_10.wins_bounded' depends on axioms: [propext, Quot.sound]
'ZombieDamage.Data.cube_minus_edge.task_11.wins' depends on axioms: [propext, Quot.sound]
'ZombieDamage.Data.cube_minus_edge.task_11.wins_bounded' depends on axioms: [propext, Quot.sound]
'ZombieDamage.Data.cube_minus_edge.task_12.wins' depends on axioms: [propext, Quot.sound]
'ZombieDamage.Data.cube_minus_edge.task_12.wins_bounded' depends on axioms: [propext, Quot.sound]
'ZombieDamage.Data.cube_minus_edge.task_13.wins' depends on axioms: [propext, Quot.sound]
'ZombieDamage.Data.cube_minus_edge.task_13.wins_bounded' depends on axioms: [propext, Quot.sound]
'ZombieDamage.Data.cube_minus_edge.task_14.wins' depends on axioms: [propext, Quot.sound]
'ZombieDamage.Data.cube_minus_edge.task_14.wins_bounded' depends on axioms: [propext, Quot.sound]
'ZombieDamage.Data.cube_minus_edge.task_15.wins' depends on axioms: [propext, Quot.sound]
'ZombieDamage.Data.cube_minus_edge.task_15.wins_bounded' depends on axioms: [propext, Quot.sound]
'ZombieDamage.Data.cube_minus_edge.task_16.wins' depends on axioms: [propext, Quot.sound]
'ZombieDamage.Data.cube_minus_edge.task_16.wins_bounded' depends on axioms: [propext, Quot.sound]
'ZombieDamage.Data.cube_minus_edge.task_17.wins' depends on axioms: [propext, Quot.sound]
'ZombieDamage.Data.cube_minus_edge.task_17.wins_bounded' depends on axioms: [propext, Quot.sound]
'ZombieDamage.FullGame.zombieDamageNumber_le_card' depends on axioms: [propext, Classical.choice, Quot.sound]
'ZombieDamage.FullGame.canForceDamage_iff_le_number' depends on axioms: [propext, Classical.choice, Quot.sound]
'ZombieDamage.FullGame.canForceDamage_iff_eventual' depends on axioms: [propext, Classical.choice, Quot.sound]
'ZombieDamage.FullGame.zombieDamageNumber_eq_card_iff' depends on axioms: [propext, Classical.choice, Quot.sound]
'ZombieMain.davila_conjecture_24_damage_number' depends on axioms: [propext, Classical.choice, Quot.sound]
'PalomarVerified.full_damage_within_iff' depends on axioms: [propext, Classical.choice, Quot.sound]
'PalomarVerified.full_damage_iff' depends on axioms: [propext, Classical.choice, Quot.sound]
'PalomarVerified.davila_conjecture_24' depends on axioms: [propext, Classical.choice, Quot.sound]
'PalomarVerified.full_damage_of_clean_edge' depends on axioms: [propext, Classical.choice, Quot.sound]
'PalomarVerified.recurrent_coverage_of_clean_edge' depends on axioms: [propext, Classical.choice, Quot.sound]
'PalomarVerified.four_boundary_edges' depends on axioms: [propext, Classical.choice, Quot.sound]
'PalomarVerified.short_component_expansion' depends on axioms: [propext, Classical.choice, Quot.sound]
'PalomarVerified.four_port_principle' depends on axioms: [propext, Classical.choice, Quot.sound]
'PalomarVerified.cycle_union_classification' depends on axioms: [propext, Classical.choice, Quot.sound]
'PalomarVerified.central_pair_sensor' depends on axioms: [propext, Classical.choice, Quot.sound]
'PalomarVerified.metric_exit_contract' depends on axioms: [propext, Classical.choice, Quot.sound]
'PalomarVerified.metric_target_contract' depends on axioms: [propext, Classical.choice, Quot.sound]
'PalomarVerified.davila_conjecture_24_damage_number' depends on axioms: [propext, Classical.choice, Quot.sound]
