Building Challenge
⚠ [3017/3018] Replayed Challenge
warning: Challenge.lean:178:8: declaration uses `sorry`
warning: Challenge.lean:181:8: declaration uses `sorry`
warning: Challenge.lean:184:8: declaration uses `sorry`
warning: Challenge.lean:190:8: declaration uses `sorry`
warning: Challenge.lean:532:8: declaration uses `sorry`
warning: Challenge.lean:538:8: declaration uses `sorry`
warning: Challenge.lean:545:8: declaration uses `sorry`
warning: Challenge.lean:550:8: declaration uses `sorry`
warning: Challenge.lean:557:8: declaration uses `sorry`
warning: Challenge.lean:565:8: declaration uses `sorry`
warning: Challenge.lean:573:8: declaration uses `sorry`
warning: Challenge.lean:579:8: declaration uses `sorry`
warning: Challenge.lean:585:8: declaration uses `sorry`
warning: Challenge.lean:592:8: declaration uses `sorry`
warning: Challenge.lean:598:8: declaration uses `sorry`
warning: Challenge.lean:602:8: declaration uses `sorry`
warning: Challenge.lean:609:8: declaration uses `sorry`
warning: Challenge.lean:615:8: declaration uses `sorry`
warning: Challenge.lean:621:8: declaration uses `sorry`
warning: Challenge.lean:626:8: declaration uses `sorry`
warning: Challenge.lean:633:8: declaration uses `sorry`
warning: Challenge.lean:640:8: declaration uses `sorry`
warning: Challenge.lean:819:8: declaration uses `sorry`
warning: Challenge.lean:823:8: declaration uses `sorry`
warning: Challenge.lean:831:8: declaration uses `sorry`
warning: Challenge.lean:836:8: declaration uses `sorry`
warning: Challenge.lean:840:8: declaration uses `sorry`
warning: Challenge.lean:845:8: declaration uses `sorry`
warning: Challenge.lean:850:8: declaration uses `sorry`
warning: Challenge.lean:854:8: declaration uses `sorry`
warning: Challenge.lean:857:8: declaration uses `sorry`
warning: Challenge.lean:862:8: declaration uses `sorry`
warning: Challenge.lean:870:8: declaration uses `sorry`
warning: Challenge.lean:875:8: declaration uses `sorry`
warning: Challenge.lean:882:8: declaration uses `sorry`
warning: Challenge.lean:884:8: declaration uses `sorry`
warning: Challenge.lean:888:8: declaration uses `sorry`
warning: Challenge.lean:891:8: declaration uses `sorry`
warning: Challenge.lean:899:8: declaration uses `sorry`
Build completed successfully (3018 jobs).
Exporting #[Nat, String, String.mk, Char, Quot, Quot.mk, Quot.lift, Quot.ind, PalomarVerified.full_damage_within_iff, PalomarVerified.full_damage_iff, PalomarVerified.davila_conjecture_24, PalomarVerified.full_damage_of_clean_edge, PalomarVerified.recurrent_coverage_of_clean_edge, ZombieMain.mobius_recurrent_coverage, PalomarVerified.four_boundary_edges, PalomarVerified.short_component_expansion, PalomarVerified.four_port_principle, PalomarVerified.cycle_union_classification, ZombieDamage.Graph.geodesicReply_iff_commonNeighbor, ZombieDamage.Graph.cleanEdge_forces_reply, ZombieDamage.Graph.short_twoStep_closed, ZombieDamage.Verified.finite_component_routing, PalomarVerified.metric_exit_contract, PalomarVerified.metric_target_contract, ZombieDamage.TriangleRoute.prescribed_exit, ZombieDamage.TriangleRoute.target_route, ZombieDamage.DiamondRoute.target_route, ZombieDamage.Task.fullGame_metricForcesWithin, ZombieDamage.FullGame.fullDamage_iff_eventual, ZombieDamage.Graph.MetricCertificate.distance, ZombieDamage.Task.metricForcesWithin_fullGame, ZombieDamage.FullGame.fullDamage_of_contract, ZombieDamage.FullGame.universal_vertex_not_fullDamage, ZombieDamage.FullGame.pass_damages_source, ZombieDamage.CycleGame.full_damage, ZombieDamage.MobiusGame.full_damage, ZombieDamage.PrismGame.full_damage, ZombieDamage.Exceptions.not_full_damage, ZombieDamage.GraphIso.fullDamage_iff, ZombieDamage.ShortComponentModel.metricForcesWithin_ambient, ZombieDamage.FullGame.PermissiveForces.iff_normalized, ZombieDamage.FullGame.fullDamage_iff_permissive, ZombieDamage.FullGame.zombieDamageNumber_le_card, ZombieDamage.FullGame.canForceDamage_iff_le_number, ZombieDamage.FullGame.canForceDamage_iff_eventual, ZombieDamage.FullGame.zombieDamageNumber_eq_card_iff, PalomarVerified.davila_conjecture_24_damage_number, propext, Quot.sound, Classical.choice, Nat.add, Nat.sub, Nat.mul, Nat.pow, Nat.gcd, Nat.div, Nat.mod, Nat.beq, Nat.ble, Nat.land, Nat.lor, Nat.xor, Nat.shiftLeft, Nat.shiftRight, String.ofList, Char.ofNat, List, eagerReduce] from Challenge
Building Solution
⚠ [3020/3156] Replayed ZombieMain.ShortCycles
warning: ZombieMain/ShortCycles.lean:60:46: This simp argument is unused:
  List.mem_singleton

Hint: Omit it from the simp argument list.
  simp only [Walk.support_cons, Walk.support_nil, List.tail_cons, List.nodup_cons,
  ̲  ̲ ̲ ̲ ̲ ̲ ̲ ̲ ̲ ̲ ̲ ̲ ̲ ̲List.mem_cons, L̵i̵s̵t̵.̵m̵e̵m̵_̵s̵i̵n̵g̵l̵e̵t̵o̵n̵,̵ ̵List.not_mem_nil, not_false_eq_true, and_true, not_or] at hn

Note: This linter can be disabled with `set_option linter.unusedSimpArgs false`
⚠ [3028/3156] Replayed ZombieMain.AttachOneVertex
warning: ZombieMain/AttachOneVertex.lean:48:57: This simp argument is unused:
  hn

Hint: Omit it from the simp argument list.
  simp [u.isLt, v.isLt, u.isLt.ne, v.isLt.ne, hne, hn,̵ ̵h̵n̵',
  ̵  ̵ ̵ ̵ ̵ ̵ ̵ ̵ ̵ ̵e.adjacency, @eq_comm V, @eq_comm Nat,
  ̲  ̲ ̲ ̲ ̲ ̲ ̲ ̲ ̲ ̲@eq_comm (Fin D.order)]

Note: This linter can be disabled with `set_option linter.unusedSimpArgs false`
warning: ZombieMain/AttachOneVertex.lean:48:61: This simp argument is unused:
  hn'

Hint: Omit it from the simp argument list.
  simp [u.isLt, v.isLt, u.isLt.ne, v.isLt.ne, hne, hn, h̵n̵'̵,̵
  ̵ ̵ ̵ ̵ ̵ ̵ ̵ ̵ ̵ ̵ ̵e.adjacency, @eq_comm V, @eq_comm Nat,
  ̲  ̲ ̲ ̲ ̲ ̲ ̲ ̲ ̲ ̲@eq_comm (Fin D.order)]

Note: This linter can be disabled with `set_option linter.unusedSimpArgs false`
warning: ZombieMain/AttachOneVertex.lean:49:49: This simp argument is unused:
  @eq_comm (Fin D.order)

Hint: Omit it from the simp argument list.
  simp [u.isLt, v.isLt, u.isLt.ne, v.isLt.ne, hne, hn, hn', e.adjacency, @eq_comm V,
  ̲  ̲ ̲ ̲ ̲ ̲ ̲ ̲ ̲ ̲@eq_comm N̵a̵t̵,̵ ̵@̵e̵q̵_̵c̵o̵m̵m̵ ̵(̵F̵i̵n̵ ̵D̵.̵o̵r̵d̵e̵r̵)̵]̵N̲a̲t̲]̲

Note: This linter can be disabled with `set_option linter.unusedSimpArgs false`
warning: ZombieMain/AttachOneVertex.lean:53:42: This simp argument is unused:
  hn'

Hint: Omit it from the simp argument list.
  simp [u.isLt, u.isLt.ne, hne, hn, h̵n̵'̵,̵ ̵e.injective.eq_iff,
  ̵  ̵ ̵ ̵ ̵ ̵ ̵ ̵ ̵ ̵Fin.ext_iff, @eq_comm V, @eq_comm Nat,
  ̲  ̲ ̲ ̲ ̲ ̲ ̲ ̲ ̲ ̲@eq_comm (Fin D.order)]

Note: This linter can be disabled with `set_option linter.unusedSimpArgs false`
warning: ZombieMain/AttachOneVertex.lean:54:23: This simp argument is unused:
  @eq_comm V

Hint: Omit it from the simp argument list.
  simp [u.isLt, u.isLt.ne, hne, hn, hn', e.injective.eq_iff, Fin.ext_iff, @eq_comm V̵,̵ ̵@̵e̵q̵_̵c̵o̵m̵m̵ ̵Nat,
  ̲  ̲ ̲ ̲ ̲ ̲ ̲ ̲ ̲ ̲@eq_comm (Fin D.order)]

Note: This linter can be disabled with `set_option linter.unusedSimpArgs false`
warning: ZombieMain/AttachOneVertex.lean:60:38: This simp argument is unused:
  hn

Hint: Omit it from the simp argument list.
  simp [v.isLt, v.isLt.ne, hne, hn,̵ ̵h̵n̵', e.injective.eq_iff,
  ̵  ̵ ̵ ̵ ̵ ̵ ̵ ̵ ̵ ̵Fin.ext_iff, @eq_comm V,
  ̲  ̲ ̲ ̲ ̲ ̲ ̲ ̲ ̲ ̲@eq_comm Nat, @eq_comm (Fin D.order)]

Note: This linter can be disabled with `set_option linter.unusedSimpArgs false`
warning: ZombieMain/AttachOneVertex.lean:61:23: This simp argument is unused:
  @eq_comm V

Hint: Omit it from the simp argument list.
  simp [v.isLt, v.isLt.ne, hne, hn, hn', e.injective.eq_iff, Fin.ext_iff, @eq_comm V̵,̵ ̵@̵e̵q̵_̵c̵o̵m̵m̵ ̵Nat,
  ̲  ̲ ̲ ̲ ̲ ̲ ̲ ̲ ̲ ̲@eq_comm (Fin D.order)]

Note: This linter can be disabled with `set_option linter.unusedSimpArgs false`
warning: ZombieMain/AttachOneVertex.lean:65:14: This simp argument is unused:
  p.isLt.ne

Hint: Omit it from the simp argument list.
  simp [p̵.̵i̵s̵L̵t̵.̵n̵e̵,̵ ̵q.isLt.ne, p.isLt.ne.symm, q.isLt.ne.symm, hne, hne', hn, hn', @eq_comm V,
  ̲  ̲ ̲ ̲ ̲ ̲ ̲ ̲ ̲ ̲@eq_comm Nat, @eq_comm (Fin D.order)]

Note: This linter can be disabled with `set_option linter.unusedSimpArgs false`
warning: ZombieMain/AttachOneVertex.lean:65:25: This simp argument is unused:
  q.isLt.ne

Hint: Omit it from the simp argument list.
  simp [p.isLt.ne, q̵.̵i̵s̵L̵t̵.̵n̵e̵,̵ ̵p.isLt.ne.symm, q.isLt.ne.symm, hne, hne', hn, hn', @eq_comm V,
  ̲  ̲ ̲ ̲ ̲ ̲ ̲ ̲ ̲ ̲@eq_comm Nat, @eq_comm (Fin D.order)]

Note: This linter can be disabled with `set_option linter.unusedSimpArgs false`
warning: ZombieMain/AttachOneVertex.lean:65:68: This simp argument is unused:
  hne

Hint: Omit it from the simp argument list.
  simp [p.isLt.ne, q.isLt.ne, p.isLt.ne.symm, q.isLt.ne.symm, hne,̵ ̵h̵n̵e̵', hn, hn', @eq_comm V,
  ̲  ̲ ̲ ̲ ̲ ̲ ̲ ̲ ̲ ̲@eq_comm Nat, @eq_comm (Fin D.order)]

Note: This linter can be disabled with `set_option linter.unusedSimpArgs false`
warning: ZombieMain/AttachOneVertex.lean:65:83: This simp argument is unused:
  hn'

Hint: Omit it from the simp argument list.
  simp [p.isLt.ne, q.isLt.ne, p.isLt.ne.symm, q.isLt.ne.symm, hne, hne', hn, h̵n̵'̵,̵ ̵@eq_comm V,
  ̲  ̲ ̲ ̲ ̲ ̲ ̲ ̲ ̲ ̲@eq_comm Nat, @eq_comm (Fin D.order)]

Note: This linter can be disabled with `set_option linter.unusedSimpArgs false`
warning: ZombieMain/AttachOneVertex.lean:65:88: This simp argument is unused:
  @eq_comm V

Hint: Omit it from the simp argument list.
  simp [p.isLt.ne, q.isLt.ne, p.isLt.ne.symm, q.isLt.ne.symm, hne, hne', hn, hn',
  ̲ @̵e̵q̵_̵c̵o̵m̵m̵ V̵,̵  ̲ ̲ ̲ ̲ ̲ ̲ ̲@eq_comm Nat, @eq_comm (Fin D.order)]

Note: This linter can be disabled with `set_option linter.unusedSimpArgs false`
warning: ZombieMain/AttachOneVertex.lean:65:100: This simp argument is unused:
  @eq_comm Nat

Hint: Omit it from the simp argument list.
  simp [p.isLt.ne, q.isLt.ne, p.isLt.ne.symm, q.isLt.ne.symm, hne, hne', hn, hn', @eq_comm V,
  ̲ @̵e̵q̵_̵c̵o̵m̵m̵ N̵a̵t̵,̵  ̲ ̲ ̲ ̲ ̲ ̲ ̲@eq_comm (Fin D.order)]

Note: This linter can be disabled with `set_option linter.unusedSimpArgs false`
warning: ZombieMain/AttachOneVertex.lean:65:114: This simp argument is unused:
  @eq_comm (Fin D.order)

Hint: Omit it from the simp argument list.
  simp [p.isLt.ne, q.isLt.ne, p.isLt.ne.symm, q.isLt.ne.symm, hne, hne', hn, hn', @eq_comm V,
  ̲  ̲ ̲ ̲ ̲ ̲ ̲ ̲ ̲ ̲@eq_comm N̵a̵t̵,̵ ̵@̵e̵q̵_̵c̵o̵m̵m̵ ̵(̵F̵i̵n̵ ̵D̵.̵o̵r̵d̵e̵r̵)̵]̵N̲a̲t̲]̲

Note: This linter can be disabled with `set_option linter.unusedSimpArgs false`
⚠ [3029/3156] Replayed ZombieMain.AttachTwoVertices
warning: ZombieMain/AttachTwoVertices.lean:59:38: This simp argument is unused:
  hbound'

Hint: Omit it from the simp argument list.
  simp [u.isLt, v.isLt, hbound, h̵b̵o̵u̵n̵d̵'̵,̵ ̵hnx, hny, hnx', hny', e.adjacency, @eq_comm V, @eq_comm Nat]

Note: This linter can be disabled with `set_option linter.unusedSimpArgs false`
warning: ZombieMain/AttachTwoVertices.lean:59:57: This simp argument is unused:
  hnx'

Hint: Omit it from the simp argument list.
  simp [u.isLt, v.isLt, hbound, hbound', hnx, hny, h̵n̵x̵'̵,̵ ̵hny', e.adjacency, @eq_comm V,
  ̲  ̲ ̲ ̲ ̲ ̲ ̲ ̲ ̲ ̲@eq_comm Nat]

Note: This linter can be disabled with `set_option linter.unusedSimpArgs false`
warning: ZombieMain/AttachTwoVertices.lean:59:63: This simp argument is unused:
  hny'

Hint: Omit it from the simp argument list.
  simp [u.isLt, v.isLt, hbound, hbound', hnx, hny, hnx', h̵n̵y̵'̵,̵e.adjacency, @eq_comm V,
  ̲  ̲ ̲ ̲ ̲ ̲ ̲ ̲ ̲ ̲@eq_comm Nat]

Note: This linter can be disabled with `set_option linter.unusedSimpArgs false`
warning: ZombieMain/AttachTwoVertices.lean:63:73: This simp argument is unused:
  hxL

Hint: Omit it from the simp argument list.
  simp [u.isLt, hbound, hbound', hnx, hny, hnx', hny', hxR, hyR, hx̵L̵,̵ ̵h̵yL,
  ̵  ̵ ̵ ̵ ̵ ̵ ̵ ̵ ̵ ̵ ̵ ̵hxy, hxy.symm,
  ̲  ̲ ̲ ̲ ̲ ̲ ̲ ̲ ̲ ̲ ̲ ̲e.injective.eq_iff, Fin.ext_iff, @eq_comm V, @eq_comm Nat]

Note: This linter can be disabled with `set_option linter.unusedSimpArgs false`
warning: ZombieMain/AttachTwoVertices.lean:63:78: This simp argument is unused:
  hyL

Hint: Omit it from the simp argument list.
  simp [u.isLt, hbound, hbound', hnx, hny, hnx', hny', hxR, hyR, hxL, hy̵L̵,̵
  ̵ ̵ ̵ ̵ ̵ ̵ ̵ ̵ ̵ ̵ ̵ ̵ ̵h̵xy, hxy.symm,
  ̲  ̲ ̲ ̲ ̲ ̲ ̲ ̲ ̲ ̲ ̲ ̲e.injective.eq_iff, Fin.ext_iff, @eq_comm V, @eq_comm Nat]

Note: This linter can be disabled with `set_option linter.unusedSimpArgs false`
warning: ZombieMain/AttachTwoVertices.lean:64:60: This simp argument is unused:
  @eq_comm V

Hint: Omit it from the simp argument list.
  simp [u.isLt, hbound, hbound', hnx, hny, hnx', hny', hxR, hyR, hxL, hyL, hxy, hxy.symm,
  ̲  ̲ ̲ ̲ ̲ ̲ ̲ ̲ ̲ ̲ ̲ ̲e.injective.eq_iff, Fin.ext_iff, @eq_comm V̵,̵ ̵@̵e̵q̵_̵c̵o̵m̵m̵ ̵Nat]

Note: This linter can be disabled with `set_option linter.unusedSimpArgs false`
warning: ZombieMain/AttachTwoVertices.lean:69:63: This simp argument is unused:
  hxR

Hint: Omit it from the simp argument list.
  simp [v.isLt, hbound, hbound', hnx, hny, hnx', hny', hx̵R̵,̵ ̵h̵yR, hxL, hyL,
  ̵  ̵ ̵ ̵ ̵ ̵ ̵ ̵ ̵ ̵ ̵ ̵hxy, hxy.symm,
  ̲  ̲ ̲ ̲ ̲ ̲ ̲ ̲ ̲ ̲ ̲ ̲e.injective.eq_iff, Fin.ext_iff, @eq_comm V, @eq_comm Nat]

Note: This linter can be disabled with `set_option linter.unusedSimpArgs false`
warning: ZombieMain/AttachTwoVertices.lean:69:68: This simp argument is unused:
  hyR

Hint: Omit it from the simp argument list.
  simp [v.isLt, hbound, hbound', hnx, hny, hnx', hny', hxR, hy̵R̵,̵ ̵h̵xL, hyL,
  ̵  ̵ ̵ ̵ ̵ ̵ ̵ ̵ ̵ ̵ ̵ ̵hxy, hxy.symm,
  ̲  ̲ ̲ ̲ ̲ ̲ ̲ ̲ ̲ ̲ ̲ ̲e.injective.eq_iff, Fin.ext_iff, @eq_comm V, @eq_comm Nat]

Note: This linter can be disabled with `set_option linter.unusedSimpArgs false`
warning: ZombieMain/AttachTwoVertices.lean:70:60: This simp argument is unused:
  @eq_comm V

Hint: Omit it from the simp argument list.
  simp [v.isLt, hbound, hbound', hnx, hny, hnx', hny', hxR, hyR, hxL, hyL, hxy, hxy.symm,
  ̲  ̲ ̲ ̲ ̲ ̲ ̲ ̲ ̲ ̲ ̲ ̲e.injective.eq_iff, Fin.ext_iff, @eq_comm V̵,̵ ̵@̵e̵q̵_̵c̵o̵m̵m̵ ̵Nat]

Note: This linter can be disabled with `set_option linter.unusedSimpArgs false`
warning: ZombieMain/AttachTwoVertices.lean:73:16: This simp argument is unused:
  hbound

Hint: Omit it from the simp argument list.
  simp [̵h̵b̵o̵u̵n̵d̵,̵ ̵h̵b̵o̵u̵n̵d̵'̵,̵[̲h̲b̲o̲u̲n̲d̲'̲,̲ hnx, hny, hnx', hny', hxR, hyR, hxL, hyL, hxy, hxy.symm, @eq_comm V,
  ̲  ̲ ̲ ̲ ̲ ̲ ̲ ̲ ̲ ̲ ̲ ̲@eq_comm Nat]

Note: This linter can be disabled with `set_option linter.unusedSimpArgs false`
warning: ZombieMain/AttachTwoVertices.lean:73:33: This simp argument is unused:
  hnx

Hint: Omit it from the simp argument list.
  simp [hbound, hbound', h̵n̵x̵,̵ ̵hny, hnx', hny', hxR, hyR, hxL, hyL, hxy, hxy.symm, @eq_comm V,
  ̲  ̲ ̲ ̲ ̲ ̲ ̲ ̲ ̲ ̲ ̲ ̲@eq_comm Nat]

Note: This linter can be disabled with `set_option linter.unusedSimpArgs false`
warning: ZombieMain/AttachTwoVertices.lean:73:38: This simp argument is unused:
  hny

Hint: Omit it from the simp argument list.
  simp [hbound, hbound', hnx, h̵n̵y̵,̵ ̵hnx', hny', hxR, hyR, hxL, hyL, hxy, hxy.symm, @eq_comm V,
  ̲  ̲ ̲ ̲ ̲ ̲ ̲ ̲ ̲ ̲ ̲ ̲@eq_comm Nat]

Note: This linter can be disabled with `set_option linter.unusedSimpArgs false`
warning: ZombieMain/AttachTwoVertices.lean:73:65: This simp argument is unused:
  hxL

Hint: Omit it from the simp argument list.
  simp [hbound, hbound', hnx, hny, hnx', hny', hxR, hyR, h̵x̵L̵,̵ ̵hyL, hxy, hxy.symm, @eq_comm V,
  ̲  ̲ ̲ ̲ ̲ ̲ ̲ ̲ ̲ ̲ ̲ ̲@eq_comm Nat]

Note: This linter can be disabled with `set_option linter.unusedSimpArgs false`
warning: ZombieMain/AttachTwoVertices.lean:73:70: This simp argument is unused:
  hyL

Hint: Omit it from the simp argument list.
  simp [hbound, hbound', hnx, hny, hnx', hny', hxR, hyR, hxL, h̵y̵L̵,̵hxy, hxy.symm, @eq_comm V,
  ̲  ̲ ̲ ̲ ̲ ̲ ̲ ̲ ̲ ̲ ̲ ̲@eq_comm Nat]

Note: This linter can be disabled with `set_option linter.unusedSimpArgs false`
warning: ZombieMain/AttachTwoVertices.lean:74:27: This simp argument is unused:
  @eq_comm V

Hint: Omit it from the simp argument list.
  simp [hbound, hbound', hnx, hny, hnx', hny', hxR, hyR, hxL, hyL, hxy, hxy.symm,
  ̲  ̲ ̲ ̲ ̲ ̲ ̲ ̲ ̲ ̲ ̲ ̲@eq_comm V̵,̵ ̵@̵e̵q̵_̵c̵o̵m̵m̵ ̵Nat]

Note: This linter can be disabled with `set_option linter.unusedSimpArgs false`
⚠ [3044/3156] Replayed ZombieMain.StripStructure
warning: ZombieMain/StripStructure.lean:22:67: This simp argument is unused:
  List.mem_singleton

Hint: Omit it from the simp argument list.
  simp only [List.mem_cons, List.mem_append, L̵i̵s̵t̵.̵m̵e̵m̵_̵s̵i̵n̵g̵l̵e̵t̵o̵n̵,̵List.not_mem_nil, or_false,
  ̲  ̲ ̲ ̲ ̲ ̲false_or] at hw

Note: This linter can be disabled with `set_option linter.unusedSimpArgs false`
warning: ZombieMain/StripStructure.lean:33:61: This simp argument is unused:
  List.mem_singleton

Hint: Omit it from the simp argument list.
  simp only [List.mem_cons, List.mem_append, L̵i̵s̵t̵.̵m̵e̵m̵_̵s̵i̵n̵g̵l̵e̵t̵o̵n̵,̵List.not_mem_nil, or_false, false_or]

Note: This linter can be disabled with `set_option linter.unusedSimpArgs false`
warning: ZombieMain/StripStructure.lean:41:25: Used `tac1 <;> tac2` where `(tac1; tac2)` would suffice

Note: This linter can be disabled with `set_option linter.unnecessarySeqFocus false`
warning: ZombieMain/StripStructure.lean:48:92: This simp argument is unused:
  false_iff

Hint: Omit it from the simp argument list.
  simp only [List.length_cons, List.length_append, List.length_nil, true_iff,̵ ̵f̵a̵l̵s̵e̵_̵i̵f̵f̵]

Note: This linter can be disabled with `set_option linter.unusedSimpArgs false`
warning: ZombieMain/StripStructure.lean:54:59: Variable name `hc` is not explicitly referenced.

The binding can be removed (if unused) or named `_` (if used implicitly).

Note: This linter can be disabled with `set_option linter.unusedVariables false`
warning: ZombieMain/StripStructure.lean:55:17: Variable name `hu` is not explicitly referenced.

The binding can be removed (if unused) or named `_` (if used implicitly).

Note: This linter can be disabled with `set_option linter.unusedVariables false`
warning: ZombieMain/StripStructure.lean:55:37: Variable name `hv` is not explicitly referenced.

The binding can be removed (if unused) or named `_` (if used implicitly).

Note: This linter can be disabled with `set_option linter.unusedVariables false`
⚠ [3046/3156] Replayed ZombieMain.StripCaps
warning: ZombieMain/StripCaps.lean:10:40: Variable name `hm` is not explicitly referenced.

The binding can be removed (if unused) or named `_` (if used implicitly).

Note: This linter can be disabled with `set_option linter.unusedVariables false`
warning: ZombieMain/StripCaps.lean:15:45: Variable name `hm` is not explicitly referenced.

The binding can be removed (if unused) or named `_` (if used implicitly).

Note: This linter can be disabled with `set_option linter.unusedVariables false`
warning: ZombieMain/StripCaps.lean:15:58: Variable name `hu` is not explicitly referenced.

The binding can be removed (if unused) or named `_` (if used implicitly).

Note: This linter can be disabled with `set_option linter.unusedVariables false`
⚠ [3048/3156] Replayed ZombieMain.SingleCapExtension
warning: ZombieMain/SingleCapExtension.lean:36:55: 'split_ifs' tactic does nothing

Note: This linter can be disabled with `set_option linter.unusedTactic false`
warning: ZombieMain/SingleCapExtension.lean:36:69: 'omega' tactic does nothing

Note: This linter can be disabled with `set_option linter.unusedTactic false`
warning: ZombieMain/SingleCapExtension.lean:36:55: this tactic is never executed

Note: This linter can be disabled with `set_option linter.unreachableTactic false`
warning: ZombieMain/SingleCapExtension.lean:36:69: this tactic is never executed

Note: This linter can be disabled with `set_option linter.unreachableTactic false`
⚠ [3052/3156] Replayed ZombieMain.ClosedDegree
warning: ZombieMain/ClosedDegree.lean:29:40: Used `tac1 <;> tac2` where `(tac1; tac2)` would suffice

Note: This linter can be disabled with `set_option linter.unnecessarySeqFocus false`
warning: ZombieMain/ClosedDegree.lean:31:32: Used `tac1 <;> tac2` where `(tac1; tac2)` would suffice

Note: This linter can be disabled with `set_option linter.unnecessarySeqFocus false`
⚠ [3054/3156] Replayed ZombieMain.Classification
warning: ZombieMain/Classification.lean:23:0: automatically included section variable(s) unused in theorem `ZombieMain.RealizedAttachment.eq_of_one_port`:
  [Fintype V]
  [DecidableRel G.Adj]
consider restructuring your `variable` declarations so that the variables are not in scope or explicitly omit them:
  omit [Fintype V] [DecidableRel G.Adj] in theorem ...

Note: This linter can be disabled with `set_option linter.unusedSectionVars false`
warning: ZombieMain/Classification.lean:30:0: automatically included section variable(s) unused in theorem `ZombieMain.Family.attachment_classifies`:
  [Fintype V]
  [DecidableRel G.Adj]
consider restructuring your `variable` declarations so that the variables are not in scope or explicitly omit them:
  omit [Fintype V] [DecidableRel G.Adj] in theorem ...

Note: This linter can be disabled with `set_option linter.unusedSectionVars false`
⚠ [3055/3156] Replayed ZombieMain.ShortComponents
warning: ZombieMain/ShortComponents.lean:16:15: Variable name `u` is not explicitly referenced.

The binding can be removed (if unused) or named `_` (if used implicitly).

Note: This linter can be disabled with `set_option linter.unusedVariables false`
warning: ZombieMain/ShortComponents.lean:16:17: Variable name `v` is not explicitly referenced.

The binding can be removed (if unused) or named `_` (if used implicitly).

Note: This linter can be disabled with `set_option linter.unusedVariables false`
⚠ [3073/3156] Replayed ZombieMain.SingletonRouting
warning: ZombieMain/SingletonRouting.lean:8:0: automatically included section variable(s) unused in theorem `ZombieMain.singleton_component_eq`:
  [Fintype V]
  [DecidableRel G.Adj]
consider restructuring your `variable` declarations so that the variables are not in scope or explicitly omit them:
  omit [Fintype V] [DecidableRel G.Adj] in theorem ...

Note: This linter can be disabled with `set_option linter.unusedSectionVars false`
⚠ [3101/3156] Replayed ZombieMain.StripPresentationPorts
warning: ZombieMain/StripPresentationPorts.lean:46:2: 'change v.val < 2 * m ∨ (left = true ∧ v.val = 2 * m) ∨ (right = true ∧ v.val = 2 * m + 1)' tactic does nothing

Note: This linter can be disabled with `set_option linter.unusedTactic false`
⚠ [3104/3156] Replayed ZombieMain.StripRouteLabels
warning: ZombieMain/StripRouteLabels.lean:43:53: 'omega' tactic does nothing

Note: This linter can be disabled with `set_option linter.unusedTactic false`
warning: ZombieMain/StripRouteLabels.lean:43:53: this tactic is never executed

Note: This linter can be disabled with `set_option linter.unreachableTactic false`
⚠ [3109/3156] Replayed ZombieMain.ComponentMass
warning: ZombieMain/ComponentMass.lean:10:8: automatically included section variable(s) unused in theorem `ZombieMain.componentMass_nil`:
  [Fintype V]
consider restructuring your `variable` declarations so that the variables are not in scope or explicitly omit them:
  omit [Fintype V] in theorem ...

Note: This linter can be disabled with `set_option linter.unusedSectionVars false`
warning: ZombieMain/ComponentMass.lean:11:8: automatically included section variable(s) unused in theorem `ZombieMain.componentMass_cons`:
  [Fintype V]
consider restructuring your `variable` declarations so that the variables are not in scope or explicitly omit them:
  omit [Fintype V] in theorem ...

Note: This linter can be disabled with `set_option linter.unusedSectionVars false`
⚠ [3110/3156] Replayed ZombieMain.QuotientRouting
warning: ZombieMain/QuotientRouting.lean:37:6: `push_neg` has been deprecated. Prefer using `push Not` instead.
If you'd rather continue using `push_neg` in your project, you can implement it as follows:
```
open Lean.Parser.Tactic in
macro "push_neg" cfg:optConfig loc:(location)? : tactic =>
  `(tactic| push $cfg:optConfig Not $[$loc]?)
```
⚠ [3123/3156] Replayed ZombieMain.ClosedLabels
warning: ZombieMain/ClosedLabels.lean:24:27: 'omega' tactic does nothing

Note: This linter can be disabled with `set_option linter.unusedTactic false`
warning: ZombieMain/ClosedLabels.lean:24:27: this tactic is never executed

Note: This linter can be disabled with `set_option linter.unreachableTactic false`
warning: ZombieMain/ClosedLabels.lean:14:23: Used `tac1 <;> tac2` where `(tac1; tac2)` would suffice

Note: This linter can be disabled with `set_option linter.unnecessarySeqFocus false`
warning: ZombieMain/ClosedLabels.lean:23:23: Used `tac1 <;> tac2` where `(tac1; tac2)` would suffice

Note: This linter can be disabled with `set_option linter.unnecessarySeqFocus false`
⚠ [3140/3156] Replayed ZombieMain.Boundary
warning: ZombieMain/Boundary.lean:46:7: `Set.ncard_image_of_injOn` has been deprecated: Use `Set.InjOn.ncard_image` instead

Note: The updated constant is in a different namespace. Dot notation may need to be changed (e.g., from `x.ncard_image_of_injOn` to `Set.InjOn.ncard_image x`).
⚠ [3141/3156] Replayed ZombieMain.Expansion
warning: ZombieMain/Expansion.lean:8:0: automatically included section variable(s) unused in theorem `ZombieMain.cutPairs_compl`:
  [Fintype V]
  [DecidableRel G.Adj]
consider restructuring your `variable` declarations so that the variables are not in scope or explicitly omit them:
  omit [Fintype V] [DecidableRel G.Adj] in theorem ...

Note: This linter can be disabled with `set_option linter.unusedSectionVars false`
Build completed successfully (3156 jobs).
Exporting #[Nat, String, String.mk, Char, Quot, Quot.mk, Quot.lift, Quot.ind, PalomarVerified.full_damage_within_iff, PalomarVerified.full_damage_iff, PalomarVerified.davila_conjecture_24, PalomarVerified.full_damage_of_clean_edge, PalomarVerified.recurrent_coverage_of_clean_edge, ZombieMain.mobius_recurrent_coverage, PalomarVerified.four_boundary_edges, PalomarVerified.short_component_expansion, PalomarVerified.four_port_principle, PalomarVerified.cycle_union_classification, ZombieDamage.Graph.geodesicReply_iff_commonNeighbor, ZombieDamage.Graph.cleanEdge_forces_reply, ZombieDamage.Graph.short_twoStep_closed, ZombieDamage.Verified.finite_component_routing, PalomarVerified.metric_exit_contract, PalomarVerified.metric_target_contract, ZombieDamage.TriangleRoute.prescribed_exit, ZombieDamage.TriangleRoute.target_route, ZombieDamage.DiamondRoute.target_route, ZombieDamage.Task.fullGame_metricForcesWithin, ZombieDamage.FullGame.fullDamage_iff_eventual, ZombieDamage.Graph.MetricCertificate.distance, ZombieDamage.Task.metricForcesWithin_fullGame, ZombieDamage.FullGame.fullDamage_of_contract, ZombieDamage.FullGame.universal_vertex_not_fullDamage, ZombieDamage.FullGame.pass_damages_source, ZombieDamage.CycleGame.full_damage, ZombieDamage.MobiusGame.full_damage, ZombieDamage.PrismGame.full_damage, ZombieDamage.Exceptions.not_full_damage, ZombieDamage.GraphIso.fullDamage_iff, ZombieDamage.ShortComponentModel.metricForcesWithin_ambient, ZombieDamage.FullGame.PermissiveForces.iff_normalized, ZombieDamage.FullGame.fullDamage_iff_permissive, ZombieDamage.FullGame.zombieDamageNumber_le_card, ZombieDamage.FullGame.canForceDamage_iff_le_number, ZombieDamage.FullGame.canForceDamage_iff_eventual, ZombieDamage.FullGame.zombieDamageNumber_eq_card_iff, PalomarVerified.davila_conjecture_24_damage_number, propext, Quot.sound, Classical.choice, Nat.add, Nat.sub, Nat.mul, Nat.pow, Nat.gcd, Nat.div, Nat.mod, Nat.beq, Nat.ble, Nat.land, Nat.lor, Nat.xor, Nat.shiftLeft, Nat.shiftRight, String.ofList, Char.ofNat, List, eagerReduce] from Solution
Running nanoda kernel on solution
nanoda kernel accepts the solution
Running Lean default kernel on solution.
Lean default kernel accepts the solution
Your solution is okay!
