warning: manifest out of date: git url of dependency 'mathlib' changed; use `lake update mathlib` to update it
warning: manifest out of date: git revision of dependency 'mathlib' changed; use `lake update mathlib` to update it
info: illuminate: materializing new dependency
info: illuminate: fetching revision '68a463c484e24708627b8761e8730e76b295d1e2' from https://github.com/leanprover/illuminate
info: illuminate: checking out revision '68a463c484e24708627b8761e8730e76b295d1e2'
info: MD4Lean: materializing new dependency
info: MD4Lean: fetching revision '31907cc18f48a95384f99cee5582c00fb39e0f67' from https://github.com/acmepjz/md4lean
info: MD4Lean: checking out revision '31907cc18f48a95384f99cee5582c00fb39e0f67'
info: subverso: materializing new dependency
info: subverso: fetching revision 'd047cb484b2f3598187450935dbcc84d078cb581' from https://github.com/leanprover/subverso
info: subverso: checking out revision 'd047cb484b2f3598187450935dbcc84d078cb581'
✔ [5/70] Built Verso.BEq (515ms)
✔ [6/71] Built Verso.CLI (629ms)
✔ [7/71] Built Verso.Doc.DocName (529ms)
✔ [8/97] Built MD4Lean.Basic (936ms)
✔ [9/112] Built Verso.Hover (1.0s)
✔ [10/112] Built Verso.Instances.Deriving (917ms)
✔ [11/112] Built Verso.Doc.DocName:c.o (903ms)
✔ [12/112] Built Verso.Parser.Lean (1.1s)
✔ [13/113] Built Verso.Hover:c.o (408ms)
✔ [14/117] Built Verso.Doc.DocName:dynlib (307ms)
✔ [15/117] Built Verso.Instances.Deriving:c.o (510ms)
✔ [16/117] Built MultiVerso.InternalId (1.1s)
✔ [17/117] Built MultiVerso.Path (1.2s)
✔ [18/117] Built MultiVerso.NameMap (1.2s)
✔ [19/117] Built Verso.Parser.Lean:c.o (410ms)
✔ [20/117] Built Verso.Hover:dynlib (811ms)
✔ [21/117] Built MD4Lean.Basic:c.o (1.4s)
✔ [22/117] Built Verso.Instances.Deriving:dynlib (709ms)
✔ [23/117] Built MultiVerso.Method (2.0s)
✔ [24/117] Built MultiVerso.InternalId:c.o (609ms)
✔ [25/117] Built Verso.Parser.Lean:dynlib (609ms)
✔ [26/117] Built MultiVerso.NameMap:c.o (809ms)
✔ [27/118] Built MultiVerso.Path:c.o (498ms)
✔ [28/118] Built MultiVerso.InternalId:dynlib (620ms)
✔ [29/118] Built Verso.EnvExtension (1.5s)
✔ [30/118] Built Verso.Doc.Elab.ExpanderAttribute (1.3s)
✔ [31/120] Built MD4Lean.Basic:dynlib (721ms)
✔ [32/120] Built MultiVerso.Method:c.o (829ms)
✔ [33/120] Built MultiVerso.Path:dynlib (432ms)
✔ [34/120] Built MultiVerso.Manifest (2.5s)
✔ [35/121] Built MultiVerso.NameMap:dynlib (532ms)
✔ [36/121] Built Verso.Doc.Elab.ExpanderAttribute:c.o (408ms)
✔ [37/130] Built Verso.Doc.Name (2.0s)
✔ [38/130] Built MultiVerso.Method:dynlib (499ms)
✔ [39/130] Built Verso.Doc.Elab.ExpanderAttribute:dynlib (299ms)
✔ [40/130] Built Verso.Instances (1.9s)
✔ [41/130] Built MultiVerso.Manifest:c.o (601ms)
✔ [42/130] Built Verso.Doc.SourceRange (810ms)
✔ [43/130] Built Verso.EnvExtension:c.o (727ms)
✔ [44/133] Built SubVerso.Compat (4.7s)
✔ [45/133] Built MD4Lean.FFI (1.9s)
✔ [46/133] Built Verso.Doc.Name:c.o (833ms)
✔ [47/133] Built MultiVerso.Manifest:dynlib (731ms)
✔ [48/133] Built Verso.Instances:c.o (909ms)
✔ [49/133] Built Verso.Doc.SourceRange:c.o (731ms)
✔ [50/133] Built Verso.EnvExtension:dynlib (307ms)
✔ [51/134] Built Verso.Doc.Name:dynlib (702ms)
✔ [52/144] Built MD4Lean.FFI:c.o (307ms)
✔ [53/144] Built Verso.Instances:dynlib (207ms)
✔ [54/144] Built Verso.Doc.Elab.InlineString (1.7s)
✔ [55/144] Built Verso.Doc.SourceRange:dynlib (909ms)
✔ [56/145] Built MD4Lean.FFI:dynlib (210ms)
✔ [57/145] Built Verso.Doc.Elab.InlineString:c.o (309ms)
✔ [58/147] Built Verso.Doc.Elab.InlineString:dynlib (202ms)
✔ [59/158] Built MD4Lean/md4cEntityObj (340ms)
✔ [60/163] Built MD4Lean/md4cHtmlObj (255ms)
✔ [61/163] Built Verso.Doc.Helpers (1.1s)
✔ [62/163] Built MD4Lean/md4cCoreObj (469ms)
✔ [63/163] Built MD4Lean/wrapperObj (234ms)
✔ [64/182] Built SubVerso.Compat:c.o (2.6s)
✔ [65/182] Built SubVerso.Examples.Messages.NormalizeLineNum (2.3s)
✔ [66/184] Built MD4Lean (1.2s)
✔ [67/184] Built Verso.Doc.Helpers:c.o (203ms)
✔ [68/184] Built SubVerso.Helper.Netstring (2.7s)
✔ [69/184] Built MD4Lean:c.o (202ms)
✔ [70/184] Built SubVerso.Highlighting.Messages (2.8s)
✔ [71/184] Built SubVerso.Examples.Messages.NormalizeLineNum:c.o (503ms)
✔ [72/184] Built SubVerso.Examples.Messages.NormalizeMetavars (2.7s)
✔ [73/184] Built Verso.Hint (826ms)
✔ [74/184] Built Verso.Log (707ms)
✔ [75/184] Built Verso.Doc.Helpers:dynlib (403ms)
✔ [76/184] Built SubVerso.Examples.Messages.NormalizeMetavars:c.o (601ms)
✔ [77/184] Built SubVerso.Helper.Netstring:c.o (701ms)
✔ [78/184] Built Verso.Doc.Suggestion.Basic (1.5s)
✔ [79/184] Built Verso.SmartSuggestions (1.0s)
✔ [80/184] Built SubVerso.Highlighting.Messages:c.o (703ms)
✔ [81/184] Built MD4Lean:shared (802ms)
✔ [82/184] Built Verso.Hint:c.o (603ms)
✔ [83/184] Built Verso.Log:c.o (703ms)
✔ [84/186] Built Verso.Doc.Suggestion.Basic:c.o (420ms)
✔ [85/186] Built Verso.Log:dynlib (218ms)
✔ [86/186] Built Verso.SmartSuggestions:c.o (420ms)
✔ [87/187] Built Verso.Doc.Suggestion.Basic:dynlib (401ms)
✔ [88/187] Built Verso.Hint:dynlib (722ms)
✔ [89/187] Built Verso.SmartSuggestions:dynlib (401ms)
✔ [90/197] Built MultiVerso.Slug (5.2s)
✔ [91/199] Built SubVerso.Examples.Messages (1.8s)
✔ [92/199] Built Verso.Output.Html.Entities (813ms)
✔ [93/203] Built SubVerso.Examples.Messages:c.o (322ms)
✔ [94/203] Built Verso.Output.Html.AttributeName (1.1s)
✔ [95/203] Built Verso.Output.Html.Comments (836ms)
✔ [96/206] Built SubVerso.Highlighting.Highlighted (5.2s)
✔ [97/211] Built Verso.Output.Html.AttributeName:c.o (623ms)
✔ [98/211] Built Verso.Output.Html.Comments:c.o (422ms)
✔ [99/213] Built Verso.Doc.Suggestion (1.5s)
✔ [100/213] Built Verso.Output.Html.Entities:c.o (1.2s)
✔ [101/213] Built VersoUtil.WfRec (947ms)
✔ [102/221] Built Verso.Output.Html.Tags (1.4s)
✔ [103/221] Built Verso.Output.Html.Comments:dynlib (430ms)
✔ [104/221] Built Verso.Output.Html.AttributeName:dynlib (738ms)
✔ [105/221] Built VersoUtil.WfRec:c.o (310ms)
✔ [106/221] Built MultiVerso.Slug:c.o (2.3s)
✔ [107/221] Built Verso.Doc.Suggestion:c.o (414ms)
✔ [108/221] Built Verso.Output.Html.Entities:dynlib (205ms)
✔ [109/221] Built Verso.Output.Html.Tags:c.o (308ms)
✔ [110/221] Built VersoUtil.WfRec:dynlib (203ms)
✔ [111/230] Built MultiVerso.Slug:dynlib (203ms)
✔ [112/230] Built Verso.Doc.Suggestion:dynlib (412ms)
✔ [113/230] Built Verso.Output.Html.Tags:dynlib (310ms)
✔ [114/238] Built VersoUtil.LzCompress (1.1s)
✔ [115/238] Built SubVerso.Highlighting.String (2.2s)
✔ [116/238] Built VersoUtil.BinFiles.Z85 (2.5s)
✔ [117/238] Built SubVerso.Highlighting.Split (2.7s)
✔ [118/238] Built Verso.BuildLog (1.0s)
✔ [119/238] Built SubVerso.Highlighting.String:c.o (508ms)
✔ [120/238] Built VersoUtil.BinFiles.Z85:c.o (405ms)
✔ [121/248] Built MultiVerso.Link (1.4s)
✔ [122/248] Built VersoUtil.BinFiles.Z85:dynlib (307ms)
✔ [123/248] Built VersoUtil.LzCompress:c.o (1.1s)
✔ [124/248] Built Verso.Code.Highlighted.WebAssets (975ms)
✔ [125/249] Built VersoUtil.Zip (2.2s)
✔ [126/249] Built VersoUtil.LzCompress:dynlib (515ms)
✔ [127/249] Built Verso.Code.Highlighted.WebAssets:c.o (309ms)
✔ [128/250] Built Verso.BuildLog:c.o (721ms)
✔ [129/250] Built SubVerso.Highlighting.Anchors.Basic (3.7s)
✔ [130/251] Built SubVerso.Highlighting.Export (3.7s)
✔ [131/251] Built MultiVerso.Link:c.o (714ms)
✔ [132/251] Built Verso.Code.Highlighted.WebAssets:dynlib (606ms)
✔ [133/251] Built SubVerso.Highlighting.Split:c.o (1.5s)
✔ [134/251] Built Verso.BuildLog:dynlib (709ms)
✔ [135/251] Built Verso.Doc.PointOfInterest (1.1s)
✔ [136/252] Built MultiVerso.Link:dynlib (311ms)
✔ [137/252] Built VersoUtil.Zip:c.o (1.0s)
✔ [138/253] Built Verso.Doc.PointOfInterest:c.o (311ms)
✔ [139/254] Built VersoUtil.Zip:dynlib (304ms)
✔ [140/254] Built Verso.Output.Html (3.0s)
✔ [141/255] Built VersoUtil.BinFiles (1.4s)
✔ [142/255] Built Verso.Doc.PointOfInterest:dynlib (308ms)
✔ [143/281] Built Verso.FS (923ms)
✔ [144/284] Built VersoUtil.BinFiles:c.o (516ms)
✔ [145/284] Built Verso.Output.Html.CssVars (622ms)
✔ [146/285] Built SubVerso.Highlighting.Anchors.Basic:c.o (1.9s)
✔ [147/285] Built Verso.Output.Html.ElasticLunr (927ms)
✔ [148/285] Built Verso.BEq:c.o (619ms)
✔ [149/285] Built Verso.Output.Html.CssVars:c.o (205ms)
✔ [150/285] Built VersoUtil.BinFiles:dynlib (207ms)
✔ [151/285] Built Verso.CLI:c.o (514ms)
✔ [152/285] Built Verso.FS:c.o (516ms)
✔ [153/285] Built Verso.Output.Html.ElasticLunr:c.o (209ms)
✔ [154/285] Built Verso.Output.Html.CssVars:dynlib (647ms)
✔ [155/285] Built SubVerso.Highlighting.Anchors.Check (2.6s)
✔ [156/286] Built SubVerso.Highlighting.Export:c.o (2.5s)
✔ [157/286] Built Verso.Output.Html:c.o (1.6s)
✔ [158/286] Built Verso.CLI:dynlib (641ms)
✔ [159/286] Built Verso.FS:dynlib (741ms)
✔ [160/286] Built Verso.Output.Html.ElasticLunr:dynlib (735ms)
✔ [161/288] Built SubVerso.Highlighting.Highlighted:c.o (7.0s)
✔ [162/288] Built Verso.BEq:dynlib (841ms)
✔ [163/292] Built SubVerso.Highlighting.Anchors.Check:c.o (426ms)
✔ [164/292] Built Verso.Output.Html:dynlib (325ms)
✔ [668/952] Built MultiVerso (2.9s)
✔ [792/1058] Built VersoLiterate.Config (1.7s)
✔ [1350/1552] Built VersoSearch.PorterStemmer (961ms)
✔ [1573/1856] Built VersoUtil (1.7s)
✔ [1710/1904] Built VersoUtil:c.o (186ms)
✔ [1758/1905] Built VersoSearch.PorterStemmer:c.o (564ms)
✔ [1761/1906] Built SubVerso.Highlighting.Anchors (1.0s)
✔ [1762/1906] Built VersoUtil:shared (207ms)
✔ [1765/2120] Built SubVerso.Highlighting.Anchors:c.o (281ms)
✔ [1766/2120] Built VersoSearch.PorterStemmer:dynlib (308ms)
✔ [2195/2512] Built VersoLiterate.Config:c.o (1.5s)
✔ [2367/2773] Built VersoLiterate.Config:dynlib (159ms)
✔ [2896/3244] Built Verso.Output.Html.KaTeX (866ms)
✔ [3410/3699] Built Verso.Output.Html.KaTeX:c.o (272ms)
✔ [3561/3699] Built MultiVerso:c.o (2.4s)
✔ [3562/3869] Built MultiVerso:shared (181ms)
✔ [3563/3869] Built Verso.Output.Html.KaTeX:dynlib (213ms)
✔ [4433/4706] Built SubVerso.Highlighting.Code (10s)
✔ [4573/4714] Built Verso.Method (778ms)
✔ [4579/4861] Built Verso.Method:c.o (168ms)
✔ [4733/4982] Built Verso.Method:dynlib (159ms)
✔ [4852/5112] Built Verso.Output.TeX (1.3s)
✔ [6489/6686] Built SubVerso.Highlighting (1.5s)
✔ [6558/6687] Built Verso.Output.TeX:c.o (860ms)
✔ [6562/6687] Built SubVerso.Highlighting:c.o (526ms)
✔ [6563/6687] Built Verso.Output.TeX:dynlib (420ms)
✔ [6566/6707] Built Verso.SyntaxUtils (1.6s)
✔ [7669/7831] Built Verso.Output (1.8s)
✔ [7844/8003] Built Verso.Output:c.o (253ms)
✔ [7873/8116] Built Verso.SyntaxUtils:c.o (2.2s)
✔ [7997/8172] Built Verso.SyntaxUtils:dynlib (184ms)
✔ [7998/8172] Built Verso.Output:dynlib (306ms)
✔ [8056/8233] Built SubVerso.Module (3.1s)
✔ [8117/8236] Built SubVerso.Examples.Env (3.2s)
✔ [8121/8239] Built SubVerso.Helper (3.3s)
✔ [8124/8256] Built SubVerso.Module:c.o (460ms)
✔ [8395/8620] Built SubVerso.Examples.Env:c.o (710ms)
✔ [8499/8773] Built SubVerso.Helper:c.o (697ms)
⚠ [9134/9246] Built Verso.Parser (2.7s)
warning: src/verso/Verso/Parser.lean:243:42: Tactic `constructor` applied constructor `List.Mem.head`, but `List.Mem.tail` also matches the goal.

Hint: Use `constructor!` to apply the first matching constructor without this warning:
  [apply] constructor!
warning: src/verso/Verso/Parser.lean:243:42: Tactic `constructor` applied constructor `List.Mem.head`, but `List.Mem.tail` also matches the goal.

Hint: Use `constructor!` to apply the first matching constructor without this warning:
  [apply] constructor!
warning: src/verso/Verso/Parser.lean:258:42: Tactic `constructor` applied constructor `List.Mem.head`, but `List.Mem.tail` also matches the goal.

Hint: Use `constructor!` to apply the first matching constructor without this warning:
  [apply] constructor!
warning: src/verso/Verso/Parser.lean:258:42: Tactic `constructor` applied constructor `List.Mem.head`, but `List.Mem.tail` also matches the goal.

Hint: Use `constructor!` to apply the first matching constructor without this warning:
  [apply] constructor!
warning: src/verso/Verso/Parser.lean:258:42: Tactic `constructor` applied constructor `List.Mem.head`, but `List.Mem.tail` also matches the goal.

Hint: Use `constructor!` to apply the first matching constructor without this warning:
  [apply] constructor!
✔ [9135/9246] Built SubVerso.Signature (2.5s)
✔ [9136/9246] Built SubVerso.Signature:c.o (917ms)
✔ [9137/9246] Built Verso.Parser:c.o (1.9s)
✔ [9138/9246] Built Verso.Parser:dynlib (177ms)
✔ [9139/9246] Built Verso.Linters (1.1s)
✔ [9140/9246] Built SubVerso.Examples (3.5s)
✔ [9141/9246] Built Verso.Linters:c.o (625ms)
✔ [9142/9246] Built Verso.Linters:dynlib (155ms)
✔ [9143/9246] Built SubVerso (1.3s)
✔ [9144/9246] Built SubVerso:c.o (150ms)
✔ [9145/9246] Built SubVerso.Examples:c.o (1.7s)
✔ [9146/9246] Built SubVerso.Highlighting.Code:c.o (12s)
✔ [9147/9246] Built SubVerso:shared (174ms)
✔ [9148/9246] Built Verso.ExpectString (870ms)
✔ [9149/9246] Built Verso.ExpectString:c.o (209ms)
✔ [9150/9246] Built Verso.ExpectString:dynlib (165ms)
✔ [9151/9246] Built Verso.WithoutAsync (1.6s)
✔ [9152/9246] Built Verso.Code.External.Env (1.7s)
✔ [9153/9246] Built Verso.WithoutAsync:c.o (200ms)
✔ [9154/9246] Built Verso.Code.External.Env:c.o (200ms)
✔ [9155/9246] Built Verso.WithoutAsync:dynlib (200ms)
✔ [9156/9246] Built Verso.Code.External.Env:dynlib (141ms)
✔ [9157/9246] Built Verso.Code.External.Code (2.1s)
✔ [9158/9246] Built Verso.Code.External.Code:c.o (452ms)
✔ [9159/9246] Built Verso.Doc (2.7s)
✔ [9160/9246] Built Verso.Code.External.Code:dynlib (210ms)
✔ [9161/9246] Built Verso.Code.External.Files (1.6s)
✔ [9162/9246] Built Verso.Doc:c.o (1.2s)
✔ [9163/9246] Built Verso.Doc:dynlib (175ms)
✔ [9164/9246] Built Verso.Code.External.Files:c.o (885ms)
✔ [9165/9246] Built Verso.Code.External.Files:dynlib (216ms)
✔ [9166/9246] Built Verso.Doc.TeX (2.7s)
✔ [9167/9246] Built Verso.Doc.Elab.Basic (2.8s)
✔ [9168/9246] Built Verso.Doc.TeX:c.o (647ms)
✔ [9169/9246] Built Verso.Doc.Elab.Basic:c.o (697ms)
✔ [9170/9246] Built Verso.Code.Highlighted (3.6s)
✔ [9171/9246] Built Verso.Doc.TeX:dynlib (236ms)
✔ [9172/9246] Built Verso.Doc.Elab.Basic:dynlib (224ms)
✔ [9173/9246] Built Verso.Doc.ArgParse (4.0s)
✔ [9174/9246] Built Verso.Code.Highlighted:c.o (1.2s)
✔ [9175/9246] Built Verso.Code.Highlighted:dynlib (149ms)
✔ [9176/9246] Built Verso.Doc.ArgParse:c.o (1.6s)
✔ [9177/9246] Built Verso.Doc.ArgParse:dynlib (160ms)
✔ [9178/9246] Built Verso.Code.External.Config (2.5s)
✔ [9179/9246] Built Verso.Code.HighlightedToTex (3.4s)
✔ [9180/9246] Built Verso.Doc.Html (3.5s)
✔ [9181/9246] Built Verso.Code.External.Config:c.o (550ms)
✔ [9182/9246] Built Verso.Code.External.Config:dynlib (211ms)
✔ [9183/9246] Built Verso.Code.HighlightedToTex:c.o (565ms)
✔ [9184/9246] Built Verso.Doc.Html:c.o (557ms)
✔ [9185/9246] Built Verso.Code.HighlightedToTex:dynlib (200ms)
✔ [9186/9246] Built Verso.Doc.Html:dynlib (162ms)
✔ [9187/9246] Built Verso.Doc.Elab.Monad (4.4s)
✔ [9188/9246] Built Verso.Doc.Elab.Monad:c.o (3.6s)
✔ [9189/9246] Built Verso.Doc.Elab.Monad:dynlib (149ms)
✔ [9190/9246] Built Verso.Doc.Elab.Inline (2.1s)
✔ [9191/9246] Built Verso.Doc.Elab.ExtensionResolution (2.3s)
✔ [9192/9246] Built Verso.Doc.Elab.Inline:c.o (2.0s)
✔ [9193/9246] Built Verso.Doc.Elab.Inline:dynlib (157ms)
✔ [9194/9246] Built Verso.Doc.Lsp (4.8s)
✔ [9195/9246] Built Verso.Doc.Elab.ExtensionResolution:c.o (2.7s)
✔ [9196/9246] Built Verso.Doc.Elab.ExtensionResolution:dynlib (161ms)
✔ [9197/9246] Built Verso.Doc.Elab.Block (2.9s)
✔ [9198/9246] Built Verso.Doc.Elab.Block:c.o (1.9s)
✔ [9199/9246] Built Verso.Doc.Elab.Block:dynlib (178ms)
✔ [9200/9246] Built Verso.Doc.Lsp:c.o (5.0s)
✔ [9201/9246] Built Verso.Doc.Lsp:dynlib (145ms)
✔ [9202/9246] Built Verso.Doc.Elab (3.5s)
✔ [9203/9246] Built Verso.Doc.Elab:c.o (2.3s)
✔ [9204/9246] Built Verso.Doc.Elab:dynlib (151ms)
✔ [9205/9246] Built Verso.Doc.Concrete.InlineString (1.7s)
✔ [9206/9246] Built Verso.Doc.Concrete.InlineString:c.o (520ms)
✔ [9207/9246] Built Verso.Doc.Concrete.InlineString:dynlib (166ms)
✔ [9208/9246] Built Verso.Doc.Concrete (3.2s)
⚠ [9209/9246] Built Challenge (45s)
warning: Challenge.lean:248:8: declaration uses `sorry`
warning: Challenge.lean:254:8: declaration uses `sorry`
warning: Challenge.lean:260:8: declaration uses `sorry`
warning: Challenge.lean:266:8: declaration uses `sorry`
warning: Challenge.lean:279:8: declaration uses `sorry`
warning: Challenge.lean:285:8: declaration uses `sorry`
warning: Challenge.lean:293:8: declaration uses `sorry`
warning: Challenge.lean:304:8: declaration uses `sorry`
warning: Challenge.lean:315:8: declaration uses `sorry`
warning: Challenge.lean:326:8: declaration uses `sorry`
warning: Challenge.lean:337:8: declaration uses `sorry`
warning: Challenge.lean:341:8: declaration uses `sorry`
warning: Challenge.lean:373:8: declaration uses `sorry`
warning: Challenge.lean:377:8: declaration uses `sorry`
✔ [9210/9246] Built Verso.Code.External (6.8s)
✔ [9211/9246] Built Verso.Doc.Concrete:c.o (1.8s)
✔ [9212/9246] Built Verso.Doc.Concrete:dynlib (175ms)
✔ [9213/9246] Built Verso.Code.External:c.o (10s)
✔ [9214/9246] Built Verso.Code.External:dynlib (182ms)
✔ [9215/9246] Built Verso.Code (2.2s)
✔ [9216/9246] Built Verso.Code:c.o (178ms)
✔ [9217/9246] Built Verso.Code:dynlib (180ms)
✔ [9218/9246] Built Verso (3.6s)
✔ [9219/9246] Built Verso:c.o (222ms)
✔ [9220/9246] Built Verso:shared (298ms)
✔ [9221/9246] Built VersoSearch.DomainSearch (1.4s)
✔ [9222/9246] Built VersoSearch.DomainSearch:c.o (848ms)
✔ [9223/9246] Built VersoSearch.DomainSearch:dynlib (177ms)
✔ [9224/9246] Built VersoLiterate.Basic (2.8s)
✔ [9225/9246] Built VersoLiterate.Basic:c.o (2.2s)
✔ [9226/9246] Built VersoLiterate.Basic:dynlib (179ms)
✔ [9227/9246] Built VersoSearch (3.3s)
✔ [9228/9246] Built VersoLiterate.Exported (3.5s)
✔ [9229/9246] Built VersoSearch:c.o (3.3s)
✔ [9230/9246] Built VersoSearch:shared (187ms)
✔ [9231/9246] Built VersoLiterate.Search (1.7s)
✔ [9232/9246] Built VersoLiterate.Search:c.o (182ms)
✔ [9233/9246] Built VersoLiterate.Search:dynlib (187ms)
✔ [9234/9246] Built VersoLiterate.Exported:c.o (3.7s)
✔ [9235/9246] Built VersoLiterate.Exported:dynlib (173ms)
✔ [9236/9246] Built VersoLiterate.Module (1.9s)
✔ [9237/9246] Built VersoLiterate.Module:c.o (380ms)
✔ [9238/9246] Built VersoLiterate.Module:dynlib (226ms)
✔ [9239/9246] Built VersoLiterate (2.2s)
✔ [9240/9246] Built VersoLiterate:c.o (197ms)
✔ [9241/9246] Built VersoLiterate:shared (247ms)
⚠ [9242/9246] Built VersoLiterateMain (3.8s)
warning: src/verso-literate/VersoLiterateMain.lean:15:0: 'Lean.Server.InfoUtils' has been deprecated: please replace this import by

import Lean.Elab.InfoTree.Util
✔ [9243/9246] Built VersoLiterateMain:c.o (4.1s)
✔ [9244/9246] Built «verso-literate»:exe (4.3s)
✔ [9245/9246] Built PalomarChallengeRender/Challenge:literate (168s)
Build completed successfully (9246 jobs).
